[t+0.0s] PHASE 2 VERIFICATION SUITE — MODE=FULL
[t+0.0s] Development setup only; production trusted setup is Phase 4 (multi-contributor + beacon).
[t+0.0s] [1/16] Loading SSoT + schema validation ...
[t+0.0s] [1/16] Loading SSoT + schema validation ... DONE (0.0s)
[t+0.0s] [2/16] Layout validation (SSoT vs .sym vs R1CS) ...
[t+0.4s] [2/16] Layout validation (SSoT vs .sym vs R1CS) ... DONE (0.4s)
[t+0.4s] [3/16] Circuit artifact integrity ...
[t+0.4s] [3/16] Circuit artifact integrity ... DONE (0.0s)
[t+0.4s] [4/16] Setup cache validation (dev zkey/ptau reuse) ...
[t+0.4s] development setup artifacts reused (hash-verified); NO regeneration, NO production setup
[t+0.5s] [4/16] Setup cache validation (dev zkey/ptau reuse) ... DONE (0.1s)
[t+0.8s] [5/16] Witness generation (baseline, sanity-checked) ...
[t+1.0s] [5/16] Witness generation (baseline, sanity-checked) ... DONE (0.2s)
[t+1.0s] [6/16] C-1 canonical layout (measured) ...
[t+1.0s] [6/16] C-1 canonical layout (measured) ... DONE (0.0s)
[t+1.0s] [7/16] C-2 Poseidon(6)/(8) real-operation ...
[t+1.0s] [7/16] C-2 Poseidon(6)/(8) real-operation ... DONE (0.0s)
[t+1.0s] [8/16] C-4 computed==provided baseline ...
[t+1.0s] [8/16] C-4 computed==provided baseline ... DONE (0.0s)
[t+1.0s] [9/16] IC/VK consistency ...
[t+1.0s] [9/16] IC/VK consistency ... DONE (0.0s)
[t+1.0s] [10/16] Negative witness tests (parallel) ...
[t+1.0s] [10/16] Negative witness tests (parallel) ... DONE (0.0s)
[t+1.0s] [11/16] Timestamp policy check (unbound by design) ...
[t+1.1s] [11/16] Timestamp policy check (unbound by design) ... DONE (0.0s)
[t+1.1s] [12/16] Baseline proof generation + verification tests ...
[t+1.5s] [12/16] Baseline proof generation + verification tests ... DONE (0.5s)
[t+1.5s] [13/16] Build Gates (domain/static) ...
[t+1.5s] [13/16] Build Gates (domain/static) ... DONE (0.0s)
[t+1.5s] [14/16] Artifact hash recording ...
[t+1.5s] [14/16] Artifact hash recording ... DONE (0.0s)
[t+1.5s] [15/16] Evidence generation ...
[t+1.5s] [15/16] Evidence generation ... DONE (0.0s)
[t+1.5s] [16/16] Phase 0 integrity re-check ...
[t+1.5s] [16/16] Phase 0 integrity re-check ... DONE (0.0s)
